[0m20:59:37.792526 [debug] [MainThread]: Got an exception trying to initialize tracking


============================== 20:59:37.825945 | 504ff409-d806-4936-b00d-b86f750605eb ==============================
[0m20:59:37.825945 [info ] [MainThread]: Running with dbt=1.11.5
[0m20:59:37.825945 [debug] [MainThread]: running dbt with arguments {'static_parser': 'True', 'no_print': 'None', 'version_check': 'True', 'warn_error_options': 'WarnErrorOptionsV2(error=[], warn=[], silence=[])', 'target_path': 'None', 'printer_width': '80', 'write_json': 'True', 'introspect': 'True', 'log_cache_events': 'False', 'empty': 'None', 'cache_selected_only': 'False', 'log_format': 'default', 'debug': 'False', 'fail_fast': 'False', 'profiles_dir': 'C:\\Users\\muham\\.dbt', 'send_anonymous_usage_stats': 'True', 'quiet': 'False', 'warn_error': 'None', 'partial_parse': 'True', 'invocation_command': 'dbt init taxi_rides_ny', 'use_colors': 'True', 'indirect_selection': 'eager', 'use_experimental_parser': 'False', 'log_path': 'logs'}
[0m20:59:37.877738 [debug] [MainThread]: Starter project path: E:\Data Engineering Zoomcamp 2026\DBT\dbt-env\Lib\site-packages\dbt\include\starter_project
[0m20:59:37.893532 [info ] [MainThread]: 
Your new dbt project "taxi_rides_ny" was created!

For more information on how to configure the profiles.yml file,
please consult the dbt documentation here:

  https://docs.getdbt.com/docs/configure-your-profile

One more thing:

Need help? Don't hesitate to reach out to us via GitHub issues or on Slack:

  https://community.getdbt.com/

Happy modeling!

[0m20:59:37.894542 [info ] [MainThread]: Setting up your profile.
[0m21:01:02.828454 [info ] [MainThread]: Profile taxi_rides_ny written to C:\Users\muham\.dbt\profiles.yml using target's profile_template.yml and your supplied values. Run 'dbt debug' to validate the connection.
[0m21:01:02.836825 [debug] [MainThread]: Command `dbt init` succeeded at 21:01:02.836825 after 85.12 seconds
[0m21:01:02.836825 [debug] [MainThread]: Flushing usage events
[0m21:01:29.883706 [debug] [MainThread]: Got an exception trying to initialize tracking


============================== 21:01:29.912883 | 574267df-a446-4d24-9fe4-847d2c3d60f8 ==============================
[0m21:01:29.912883 [info ] [MainThread]: Running with dbt=1.11.5
[0m21:01:29.912883 [debug] [MainThread]: running dbt with arguments {'version_check': 'True', 'no_print': 'None', 'static_parser': 'True', 'target_path': 'None', 'warn_error_options': 'WarnErrorOptionsV2(error=[], warn=[], silence=[])', 'printer_width': '80', 'write_json': 'True', 'introspect': 'True', 'log_cache_events': 'False', 'empty': 'None', 'cache_selected_only': 'False', 'log_format': 'default', 'debug': 'False', 'fail_fast': 'False', 'profiles_dir': 'C:\\Users\\muham\\.dbt', 'send_anonymous_usage_stats': 'True', 'quiet': 'False', 'warn_error': 'None', 'partial_parse': 'True', 'invocation_command': 'dbt debug', 'use_colors': 'True', 'indirect_selection': 'eager', 'use_experimental_parser': 'False', 'log_path': 'logs'}
[0m21:01:29.946571 [info ] [MainThread]: dbt version: 1.11.5
[0m21:01:29.946571 [info ] [MainThread]: python version: 3.11.4
[0m21:01:29.946571 [info ] [MainThread]: python path: E:\Data Engineering Zoomcamp 2026\DBT\dbt-env\Scripts\python.exe
[0m21:01:29.946571 [info ] [MainThread]: os info: Windows-10-10.0.26200-SP0
[0m21:01:45.310724 [info ] [MainThread]: Using profiles dir at C:\Users\muham\.dbt
[0m21:01:45.310724 [info ] [MainThread]: Using profiles.yml file at C:\Users\muham\.dbt\profiles.yml
[0m21:01:45.310724 [info ] [MainThread]: Using dbt_project.yml file at E:\Data Engineering Zoomcamp 2026\taxi-rides-ny\dbt_project.yml
[0m21:01:45.310724 [info ] [MainThread]: adapter type: bigquery
[0m21:01:45.310724 [info ] [MainThread]: adapter version: 1.11.0
[0m21:01:45.310724 [info ] [MainThread]: Configuration:
[0m21:01:45.310724 [info ] [MainThread]:   profiles.yml file [[32mOK found and valid[0m]
[0m21:01:45.310724 [info ] [MainThread]:   dbt_project.yml file [[31mERROR not found[0m]
[0m21:01:45.318028 [info ] [MainThread]: Required dependencies:
[0m21:01:45.318697 [debug] [MainThread]: Executing "git --help"
[0m21:01:45.374277 [debug] [MainThread]: STDOUT: "b"usage: git [-v | --version] [-h | --help] [-C <path>] [-c <name>=<value>]\n           [--exec-path[=<path>]] [--html-path] [--man-path] [--info-path]\n           [-p | --paginate | -P | --no-pager] [--no-replace-objects] [--no-lazy-fetch]\n           [--no-optional-locks] [--no-advice] [--bare] [--git-dir=<path>]\n           [--work-tree=<path>] [--namespace=<name>] [--config-env=<name>=<envvar>]\n           <command> [<args>]\n\nThese are common Git commands used in various situations:\n\nstart a working area (see also: git help tutorial)\n   clone      Clone a repository into a new directory\n   init       Create an empty Git repository or reinitialize an existing one\n\nwork on the current change (see also: git help everyday)\n   add        Add file contents to the index\n   mv         Move or rename a file, a directory, or a symlink\n   restore    Restore working tree files\n   rm         Remove files from the working tree and from the index\n\nexamine the history and state (see also: git help revisions)\n   bisect     Use binary search to find the commit that introduced a bug\n   diff       Show changes between commits, commit and working tree, etc\n   grep       Print lines matching a pattern\n   log        Show commit logs\n   show       Show various types of objects\n   status     Show the working tree status\n\ngrow, mark and tweak your common history\n   backfill   Download missing objects in a partial clone\n   branch     List, create, or delete branches\n   commit     Record changes to the repository\n   merge      Join two or more development histories together\n   rebase     Reapply commits on top of another base tip\n   reset      Set `HEAD` or the index to a known state\n   switch     Switch branches\n   tag        Create, list, delete or verify tags\n\ncollaborate (see also: git help workflows)\n   fetch      Download objects and refs from another repository\n   pull       Fetch from and integrate with another repository or a local branch\n   push       Update remote refs along with associated objects\n\n'git help -a' and 'git help -g' list available subcommands and some\nconcept guides. See 'git help <command>' or 'git help <concept>'\nto read about a specific subcommand or concept.\nSee 'git help git' for an overview of the system.\n""
[0m21:01:45.375275 [debug] [MainThread]: STDERR: "b''"
[0m21:01:45.376277 [info ] [MainThread]:  - git [[32mOK found[0m]

[0m21:01:45.377282 [info ] [MainThread]: Connection:
[0m21:01:45.378280 [info ] [MainThread]:   method: oauth
[0m21:01:45.378280 [info ] [MainThread]:   database: taxi-rides-ny-muham
[0m21:01:45.379277 [info ] [MainThread]:   execution_project: taxi-rides-ny-muham
[0m21:01:45.380277 [info ] [MainThread]:   schema: dbt_dev
[0m21:01:45.381276 [info ] [MainThread]:   location: US
[0m21:01:45.381276 [info ] [MainThread]:   priority: interactive
[0m21:01:45.382159 [info ] [MainThread]:   maximum_bytes_billed: None
[0m21:01:45.383253 [info ] [MainThread]:   impersonate_service_account: None
[0m21:01:45.384252 [info ] [MainThread]:   job_retry_deadline_seconds: None
[0m21:01:45.384252 [info ] [MainThread]:   job_retries: 1
[0m21:01:45.385250 [info ] [MainThread]:   job_creation_timeout_seconds: None
[0m21:01:45.386250 [info ] [MainThread]:   job_execution_timeout_seconds: 300
[0m21:01:45.387250 [info ] [MainThread]:   timeout_seconds: 300
[0m21:01:45.388250 [info ] [MainThread]:   client_id: None
[0m21:01:45.388250 [info ] [MainThread]:   token_uri: None
[0m21:01:45.389251 [info ] [MainThread]:   compute_region: None
[0m21:01:45.390157 [info ] [MainThread]:   dataproc_cluster_name: None
[0m21:01:45.391165 [info ] [MainThread]:   gcs_bucket: None
[0m21:01:45.391165 [info ] [MainThread]:   dataproc_batch: None
[0m21:01:45.392164 [info ] [MainThread]: Registered adapter: bigquery=1.11.0
[0m21:01:46.561917 [debug] [MainThread]: Acquiring new bigquery connection 'debug'
[0m21:01:46.561917 [debug] [MainThread]: On debug: select 1 as id
[0m21:01:46.576628 [debug] [MainThread]: Opening a new connection, currently in state init
[0m21:01:58.843410 [debug] [MainThread]: BigQuery adapter: Got an error when attempting to create a bigquery " "client: 'Runtime Error
  Failed to authenticate with supplied credentials
  error:
  Your default credentials were not found. To set up Application Default Credentials, see https://cloud.google.com/docs/authentication/external/set-up-adc for more information.'
[0m21:01:58.844495 [debug] [MainThread]: BigQuery adapter: Unhandled error while running:
select 1 as id
[0m21:01:58.845496 [debug] [MainThread]: BigQuery adapter: Database Error
  Runtime Error
    Failed to authenticate with supplied credentials
    error:
    Your default credentials were not found. To set up Application Default Credentials, see https://cloud.google.com/docs/authentication/external/set-up-adc for more information.
[0m21:01:58.846498 [info ] [MainThread]:   Connection test: [[31mERROR[0m]

[0m21:01:58.846911 [info ] [MainThread]: [31m2 checks failed:[0m
[0m21:01:58.846911 [info ] [MainThread]: Project loading failed for the following reason:
 project path <E:\Data Engineering Zoomcamp 2026\taxi-rides-ny\dbt_project.yml> not found

[0m21:01:58.846911 [info ] [MainThread]: dbt was unable to connect to the specified database.
The database returned the following error:

  >'NoneType' object has no attribute 'close'

Check your database credentials and try again. For more information, visit:
https://docs.getdbt.com/docs/configure-your-profile


[0m21:01:58.846911 [debug] [MainThread]: Command `dbt debug` failed at 21:01:58.846911 after 29.04 seconds
[0m21:01:58.851818 [debug] [MainThread]: Flushing usage events
